// Jest Snapshot v1, https://goo.gl/fbAQLP

exports[`ConstDeclaration simple const 1`] = `
"declare const NSPasteboardTypeString: cocoascript.NSPasteboardType;
"
`;
